Hi Team,  

My Swiggy bill seems to be growing faster than my savings account.  
At first, I thought finding a partner might help split the costs, but no luck there.  
So naturally, I figured maybe I could use an employee discount to survive the foodpocalypse.  

Now, jokes aside, I think there’s a more interesting split possible here —  
you need someone who can hammer down backend bottlenecks,  
and I’m someone who has spent years doing exactly that.  

I’m a Senior Software Engineer with 7+ years of experience,  
known for digging deep into system internals, optimizing performance,  
and building systems that scale without blinking at billions of requests.  

Highlights:  
- Architectural Impact: Migrated monoliths → microservices with >99.99% uptime, designed & deployed distributed systems.  
- Performance Obsessed: Brought page loads under 500ms, improved job execution speeds by 22x, and reduced heavy batch jobs to single-digit seconds.  
- Business Impact: Scaled e-commerce platforms to thousands of stores, cut cart abandonment by 25%, boosted retention & conversions in double digits.  
- Automation & Quality: Championed TDD, CI/CD pipelines (GitLab, Tox), achieving >98% coverage.  
- Cloud & DevOps: Hands-on with Docker, Kubernetes, AWS, Kafka, Prometheus, Grafana — ensuring resilience and real-time observability.  
- Leadership: Led cross-functional teams, mentored devs, and taken projects from vision to production at scale.  

If you think maybe we can help each other,  
I’d love to discuss over a quick 5–10 min call or meet.  

📞 +91-7355437836  
✉️ vkrypto@gmail.com  

Looking forward to chatting — hopefully about scaling systems…  
and maybe also about getting that Swiggy discount.  

Cheers,  
Ashutosh  
